[INFO] Scanning for projects...
[INFO] 
[INFO] --------------------------< com.hyundai:dms >---------------------------
[INFO] Building dms 0.0.1-SNAPSHOT
[INFO]   from pom.xml
[INFO] --------------------------------[ jar ]---------------------------------
[INFO] 
[INFO] --- resources:3.3.1:resources (default-resources) @ dms ---
[INFO] Copying 1 resource from src\main\resources to target\classes
[INFO] Copying 0 resource from src\main\resources to target\classes
[INFO] 
[INFO] --- compiler:3.11.0:compile (default-compile) @ dms ---
[INFO] Changes detected - recompiling the module! :source
[INFO] Compiling 77 source files with javac [debug release 17] to target\classes
[INFO] Some messages have been simplified; recompile with -Xdiags:verbose to get full output
[INFO] -------------------------------------------------------------
[WARNING] COMPILATION WARNING : 
[INFO] -------------------------------------------------------------
[WARNING] /C:/Users/sayak mukherjee/Desktop/dms/backend/src/main/java/com/hyundai/dms/entity/Vehicle.java:[37,21] @Builder will ignore the initializing expression entirely. If you want the initializing expression to serve as default, add @Builder.Default. If it is not supposed to be settable during building, make the field final.
[WARNING] /C:/Users/sayak mukherjee/Desktop/dms/backend/src/main/java/com/hyundai/dms/entity/Customer.java:[42,28] @Builder will ignore the initializing expression entirely. If you want the initializing expression to serve as default, add @Builder.Default. If it is not supposed to be settable during building, make the field final.
[WARNING] /C:/Users/sayak mukherjee/Desktop/dms/backend/src/main/java/com/hyundai/dms/entity/Customer.java:[51,21] @Builder will ignore the initializing expression entirely. If you want the initializing expression to serve as default, add @Builder.Default. If it is not supposed to be settable during building, make the field final.
[INFO] 3 warnings 
[INFO] -------------------------------------------------------------
[INFO] -------------------------------------------------------------
[ERROR] COMPILATION ERROR : 
[INFO] -------------------------------------------------------------
[ERROR] /C:/Users/sayak mukherjee/Desktop/dms/backend/src/main/java/com/hyundai/dms/service/DataSeederService.java:[201,51] method findWithSearch in interface com.hyundai.dms.repository.VehicleRepository cannot be applied to given types;
  required: java.lang.Long,java.lang.String,java.lang.String,org.springframework.data.domain.Pageable
  found:    java.lang.Long,java.lang.String,org.springframework.data.domain.Pageable
  reason: actual and formal argument lists differ in length
[ERROR] /C:/Users/sayak mukherjee/Desktop/dms/backend/src/main/java/com/hyundai/dms/service/DataSeederService.java:[201,135] incompatible types: org.springframework.data.domain.Pageable cannot be converted to java.lang.String
[ERROR] /C:/Users/sayak mukherjee/Desktop/dms/backend/src/main/java/com/hyundai/dms/service/DataSeederService.java:[227,53] method findActiveWithSearch in interface com.hyundai.dms.repository.CustomerRepository cannot be applied to given types;
  required: java.lang.Long,java.lang.String,com.hyundai.dms.entity.Customer.CustomerStatus,org.springframework.data.domain.Pageable
  found:    java.lang.Long,java.lang.String,org.springframework.data.domain.Pageable
  reason: actual and formal argument lists differ in length
[ERROR] /C:/Users/sayak mukherjee/Desktop/dms/backend/src/main/java/com/hyundai/dms/service/DataSeederService.java:[227,143] incompatible types: org.springframework.data.domain.Pageable cannot be converted to com.hyundai.dms.entity.Customer.CustomerStatus
[INFO] 4 errors 
[INFO] -------------------------------------------------------------
[INFO] ------------------------------------------------------------------------
[INFO] BUILD FAILURE
[INFO] ------------------------------------------------------------------------
[INFO] Total time:  7.049 s
[INFO] Finished at: 2026-03-31T10:09:07+05:30
[INFO] ------------------------------------------------------------------------
[ERROR] Failed to execute goal org.apache.maven.plugins:maven-compiler-plugin:3.11.0:compile (default-compile) on project dms: Compilation failure: Compilation failure: 
[ERROR] /C:/Users/sayak mukherjee/Desktop/dms/backend/src/main/java/com/hyundai/dms/service/DataSeederService.java:[201,51] method findWithSearch in interface com.hyundai.dms.repository.VehicleRepository cannot be applied to given types;
[ERROR]   required: java.lang.Long,java.lang.String,java.lang.String,org.springframework.data.domain.Pageable
[ERROR]   found:    java.lang.Long,java.lang.String,org.springframework.data.domain.Pageable
[ERROR]   reason: actual and formal argument lists differ in length
[ERROR] /C:/Users/sayak mukherjee/Desktop/dms/backend/src/main/java/com/hyundai/dms/service/DataSeederService.java:[201,135] incompatible types: org.springframework.data.domain.Pageable cannot be converted to java.lang.String
[ERROR] /C:/Users/sayak mukherjee/Desktop/dms/backend/src/main/java/com/hyundai/dms/service/DataSeederService.java:[227,53] method findActiveWithSearch in interface com.hyundai.dms.repository.CustomerRepository cannot be applied to given types;
[ERROR]   required: java.lang.Long,java.lang.String,com.hyundai.dms.entity.Customer.CustomerStatus,org.springframework.data.domain.Pageable
[ERROR]   found:    java.lang.Long,java.lang.String,org.springframework.data.domain.Pageable
[ERROR]   reason: actual and formal argument lists differ in length
[ERROR] /C:/Users/sayak mukherjee/Desktop/dms/backend/src/main/java/com/hyundai/dms/service/DataSeederService.java:[227,143] incompatible types: org.springframework.data.domain.Pageable cannot be converted to com.hyundai.dms.entity.Customer.CustomerStatus
[ERROR] -> [Help 1]
[ERROR] 
[ERROR] To see the full stack trace of the errors, re-run Maven with the -e switch.
[ERROR] Re-run Maven using the -X switch to enable full debug logging.
[ERROR] 
[ERROR] For more information about the errors and possible solutions, please read the following articles:
[ERROR] [Help 1] http://cwiki.apache.org/confluence/display/MAVEN/MojoFailureException
