[INFO] Scanning for projects...
[INFO] 
[INFO] --------------------------< com.hyundai:dms >---------------------------
[INFO] Building dms 0.0.1-SNAPSHOT
[INFO]   from pom.xml
[INFO] --------------------------------[ jar ]---------------------------------
[INFO] 
[INFO] --- clean:3.3.2:clean (default-clean) @ dms ---
[INFO] Deleting C:\Users\sayak mukherjee\Desktop\dms\backend\target
[INFO] 
[INFO] --- resources:3.3.1:resources (default-resources) @ dms ---
[INFO] Copying 1 resource from src\main\resources to target\classes
[INFO] Copying 0 resource from src\main\resources to target\classes
[INFO] 
[INFO] --- compiler:3.11.0:compile (default-compile) @ dms ---
[INFO] Changes detected - recompiling the module! :source
[INFO] Compiling 73 source files with javac [debug release 17] to target\classes
[INFO] -------------------------------------------------------------
[WARNING] COMPILATION WARNING : 
[INFO] -------------------------------------------------------------
[WARNING] /C:/Users/sayak mukherjee/Desktop/dms/backend/src/main/java/com/hyundai/dms/entity/Customer.java:[42,28] @Builder will ignore the initializing expression entirely. If you want the initializing expression to serve as default, add @Builder.Default. If it is not supposed to be settable during building, make the field final.
[WARNING] /C:/Users/sayak mukherjee/Desktop/dms/backend/src/main/java/com/hyundai/dms/entity/Customer.java:[51,21] @Builder will ignore the initializing expression entirely. If you want the initializing expression to serve as default, add @Builder.Default. If it is not supposed to be settable during building, make the field final.
[WARNING] /C:/Users/sayak mukherjee/Desktop/dms/backend/src/main/java/com/hyundai/dms/entity/Vehicle.java:[37,21] @Builder will ignore the initializing expression entirely. If you want the initializing expression to serve as default, add @Builder.Default. If it is not supposed to be settable during building, make the field final.
[INFO] 3 warnings 
[INFO] -------------------------------------------------------------
[INFO] -------------------------------------------------------------
[ERROR] COMPILATION ERROR : 
[INFO] -------------------------------------------------------------
[ERROR] /C:/Users/sayak mukherjee/Desktop/dms/backend/src/main/java/com/hyundai/dms/controller/UserController.java:[43,38] cannot find symbol
  symbol:   method findByRoleNameAndDealerId(java.lang.String,java.lang.Long)
  location: variable userRepository of type com.hyundai.dms.repository.UserRepository
[ERROR] /C:/Users/sayak mukherjee/Desktop/dms/backend/src/main/java/com/hyundai/dms/controller/UserController.java:[45,38] cannot find symbol
  symbol:   method findByRoleNameAndDealerId(java.lang.String,java.lang.Long)
  location: variable userRepository of type com.hyundai.dms.repository.UserRepository
[INFO] 2 errors 
[INFO] -------------------------------------------------------------
[INFO] ------------------------------------------------------------------------
[INFO] BUILD FAILURE
[INFO] ------------------------------------------------------------------------
[INFO] Total time:  7.182 s
[INFO] Finished at: 2026-03-30T22:23:55+05:30
[INFO] ------------------------------------------------------------------------
[ERROR] Failed to execute goal org.apache.maven.plugins:maven-compiler-plugin:3.11.0:compile (default-compile) on project dms: Compilation failure: Compilation failure: 
[ERROR] /C:/Users/sayak mukherjee/Desktop/dms/backend/src/main/java/com/hyundai/dms/controller/UserController.java:[43,38] cannot find symbol
[ERROR]   symbol:   method findByRoleNameAndDealerId(java.lang.String,java.lang.Long)
[ERROR]   location: variable userRepository of type com.hyundai.dms.repository.UserRepository
[ERROR] /C:/Users/sayak mukherjee/Desktop/dms/backend/src/main/java/com/hyundai/dms/controller/UserController.java:[45,38] cannot find symbol
[ERROR]   symbol:   method findByRoleNameAndDealerId(java.lang.String,java.lang.Long)
[ERROR]   location: variable userRepository of type com.hyundai.dms.repository.UserRepository
[ERROR] -> [Help 1]
[ERROR] 
[ERROR] To see the full stack trace of the errors, re-run Maven with the -e switch.
[ERROR] Re-run Maven using the -X switch to enable full debug logging.
[ERROR] 
[ERROR] For more information about the errors and possible solutions, please read the following articles:
[ERROR] [Help 1] http://cwiki.apache.org/confluence/display/MAVEN/MojoFailureException
